// Jest Snapshot v1, https://goo.gl/fbAQLP

exports[`<Stepper /> renders a Stpper snapshot 1`] = `ShallowWrapper {}`;
